// Jest Snapshot v1, https://goo.gl/fbAQLP

exports[`matches snapshot 1`] = `
<DocumentFragment>
  <div
    class="col"
  >
    <div
      class="JobCard Card card"
    >
      <div
        class="card-body"
      >
        <h6
          class="card-title d-flex justify-content-between"
        >
          <span
            class="text-capitalize"
          />
        </h6>
        <div>
          Salary: $
        </div>
        <div>
          Equity: NaN%
        </div>
        <button
          class="job-btn btn btn-outline-secondary font-weight-bold"
        >
          Apply
        </button>
      </div>
    </div>
  </div>
</DocumentFragment>
`;
